time="2026-04-17T13:20:30+03:00" level=warning msg="/Users/stevenfurman/Documents/Projects-Final/docker-compose.yml: the attribute `version` is obsolete, it will be ignored, please remove it to avoid potential confusion"
emojinet_service-1  | EmojiNet Service started...
ingestion_service-1  | INFO:     Started server process [1]
ingestion_service-1  | INFO:     Waiting for application startup.
ingestion_service-1  | INFO:     Application startup complete.
ingestion_service-1  | INFO:     Uvicorn running on http://0.0.0.0:8000 (Press CTRL+C to quit)
preprocessing_service-1  | Preprocessing worker started...
frontend_service-1       | /docker-entrypoint.sh: /docker-entrypoint.d/ is not empty, will attempt to perform configuration
frontend_service-1       | /docker-entrypoint.sh: Looking for shell scripts in /docker-entrypoint.d/
frontend_service-1       | /docker-entrypoint.sh: Launching /docker-entrypoint.d/10-listen-on-ipv6-by-default.sh
frontend_service-1       | 10-listen-on-ipv6-by-default.sh: info: Getting the checksum of /etc/nginx/conf.d/default.conf
frontend_service-1       | 10-listen-on-ipv6-by-default.sh: info: /etc/nginx/conf.d/default.conf differs from the packaged version
frontend_service-1       | /docker-entrypoint.sh: Sourcing /docker-entrypoint.d/15-local-resolvers.envsh
frontend_service-1       | /docker-entrypoint.sh: Launching /docker-entrypoint.d/20-envsubst-on-templates.sh
frontend_service-1       | /docker-entrypoint.sh: Launching /docker-entrypoint.d/30-tune-worker-processes.sh
frontend_service-1       | /docker-entrypoint.sh: Configuration complete; ready for start up
frontend_service-1       | 2026/04/17 10:20:30 [notice] 1#1: using the "epoll" event method
frontend_service-1       | 2026/04/17 10:20:30 [notice] 1#1: nginx/1.29.8
frontend_service-1       | 2026/04/17 10:20:30 [notice] 1#1: built by gcc 15.2.0 (Alpine 15.2.0) 
frontend_service-1       | 2026/04/17 10:20:30 [notice] 1#1: OS: Linux 6.10.14-linuxkit
frontend_service-1       | 2026/04/17 10:20:30 [notice] 1#1: getrlimit(RLIMIT_NOFILE): 1048576:1048576
frontend_service-1       | 2026/04/17 10:20:30 [notice] 1#1: start worker processes
frontend_service-1       | 2026/04/17 10:20:30 [notice] 1#1: start worker process 29
frontend_service-1       | 2026/04/17 10:20:30 [notice] 1#1: start worker process 30
frontend_service-1       | 2026/04/17 10:20:30 [notice] 1#1: start worker process 31
frontend_service-1       | 2026/04/17 10:20:30 [notice] 1#1: start worker process 32
frontend_service-1       | 2026/04/17 10:20:30 [notice] 1#1: start worker process 33
frontend_service-1       | 2026/04/17 10:20:30 [notice] 1#1: start worker process 34
frontend_service-1       | 2026/04/17 10:20:30 [notice] 1#1: start worker process 35
frontend_service-1       | 2026/04/17 10:20:30 [notice] 1#1: start worker process 36
frontend_service-1       | 2026/04/17 10:20:30 [notice] 1#1: start worker process 37
frontend_service-1       | 2026/04/17 10:20:30 [notice] 1#1: start worker process 38
central_responder_service-1  | [MetaLearner]    Trained at      : 2026-04-12T15:18:42.088748Z
central_responder_service-1  | [MetaLearner]    Training samples: 50
central_responder_service-1  | [MetaLearner]    Val accuracy    : 0.3
central_responder_service-1  | [MetaLearner]    Test accuracy   : 0.4
central_responder_service-1  | [MetaLearner] ✅ Meta-learner loaded successfully from '/app/models/meta_weights.pkl'.
central_responder_service-1  | [CentralResponder] ✅  Running in META-LEARNER mode.
central_responder_service-1  | [CentralResponder] ℹ️ Background meta-learner retraining daemon is currently DISABLED to conserve RAM.
central_responder_service-1  | Central Responder started...
redis-1                      | 1:C 17 Apr 2026 10:20:18.640 * oO0OoO0OoO0Oo Redis is starting oO0OoO0OoO0Oo
redis-1                      | 1:C 17 Apr 2026 10:20:18.640 * Redis version=7.4.7, bits=64, commit=00000000, modified=0, pid=1, just started
redis-1                      | 1:C 17 Apr 2026 10:20:18.640 # Warning: no config file specified, using the default config. In order to specify a config file use redis-server /path/to/redis.conf
redis-1                      | 1:M 17 Apr 2026 10:20:18.641 * monotonic clock: POSIX clock_gettime
redis-1                      | 1:M 17 Apr 2026 10:20:18.646 * Running mode=standalone, port=6379.
redis-1                      | 1:M 17 Apr 2026 10:20:18.646 * Server initialized
redis-1                      | 1:M 17 Apr 2026 10:20:18.646 * Ready to accept connections tcp
db-1                         | 
db-1                         | PostgreSQL Database directory appears to contain a database; Skipping initialization
db-1                         | 
db-1                         | 2026-04-17 10:20:18.705 UTC [1] LOG:  starting PostgreSQL 15.15 on aarch64-unknown-linux-musl, compiled by gcc (Alpine 15.2.0) 15.2.0, 64-bit
db-1                         | 2026-04-17 10:20:18.705 UTC [1] LOG:  listening on IPv4 address "0.0.0.0", port 5432
db-1                         | 2026-04-17 10:20:18.706 UTC [1] LOG:  listening on IPv6 address "::", port 5432
db-1                         | 2026-04-17 10:20:18.707 UTC [1] LOG:  listening on Unix socket "/var/run/postgresql/.s.PGSQL.5432"
db-1                         | 2026-04-17 10:20:18.710 UTC [29] LOG:  database system was shut down at 2026-04-17 10:20:06 UTC
db-1                         | 2026-04-17 10:20:18.713 UTC [1] LOG:  database system is ready to accept connections
api_service-1                | INFO:     Started server process [1]
api_service-1                | INFO:     Waiting for application startup.
api_service-1                | INFO:     Application startup complete.
api_service-1                | INFO:     Uvicorn running on http://0.0.0.0:8001 (Press CTRL+C to quit)
goemotions_service-1         | Device set to use cpu
bert_service-1               | Device set to use cpu
bert_service-1               | /usr/local/lib/python3.9/site-packages/transformers/pipelines/text_classification.py:111: UserWarning: `return_all_scores` is now deprecated,  if want a similar functionality use `top_k=None` instead of `return_all_scores=True` or `top_k=1` instead of `return_all_scores=False`.
bert_service-1               |   warnings.warn(
api_service-1                | INFO:     192.168.65.1:31515 - "WebSocket /ws/client_1636" [accepted]
api_service-1                | INFO:     connection open
api_service-1                | Starting Redis Listener for WebSockets...
api_service-1                | Client connected. Active: 1
api_service-1                | INFO:     192.168.65.1:40688 - "GET /conversation/conv-1/messages?limit=50 HTTP/1.1" 200 OK
api_service-1                | INFO:     192.168.65.1:40688 - "GET /conversation/conv-1/state HTTP/1.1" 200 OK
emojinet_service-1           | [DEBUG] Emojinet received message 1776421387587-0
preprocessing_service-1      | Processing message 1776421387587-0
central_responder_service-1  | [DEBUG] Message 9e0a7923-719d-42df-bb84-19a4a49117d2 waiting for: ['basic_bert', 'vader', 'go_emotions']
central_responder_service-1  | [DEBUG] Message 9e0a7923-719d-42df-bb84-19a4a49117d2 waiting for: ['basic_bert', 'go_emotions']
central_responder_service-1  | [DEBUG] Message 9e0a7923-719d-42df-bb84-19a4a49117d2 waiting for: ['go_emotions']
central_responder_service-1  | [DEBUG] All models received for 9e0a7923-719d-42df-bb84-19a4a49117d2. Aggregating.
central_responder_service-1  | Aggregating results for 9e0a7923-719d-42df-bb84-19a4a49117d2...
central_responder_service-1  | [MetaLearner] Prediction: 'neutral' (confidence=0.905)
frontend_service-1           | 192.168.65.1 - - [17/Apr/2026:10:23:58 +0000] "GET / HTTP/1.1" 304 0 "-" "Mozilla/5.0 (Macintosh; Intel Mac OS X 10_15_7) AppleWebKit/537.36 (KHTML, like Gecko) Chrome/146.0.0.0 Safari/537.36" "-"
api_service-1                | INFO:     connection closed
api_service-1                | INFO:     192.168.65.1:55477 - "WebSocket /ws/client_2487" [accepted]
api_service-1                | INFO:     connection open
api_service-1                | Client disconnected. Active: 0
api_service-1                | Client connected. Active: 1
api_service-1                | INFO:     192.168.65.1:21345 - "GET /conversation/conv-1/messages?limit=50 HTTP/1.1" 200 OK
api_service-1                | INFO:     192.168.65.1:21345 - "GET /conversation/conv-1/state HTTP/1.1" 200 OK
db-1                         | 2026-04-17 10:25:18.719 UTC [27] LOG:  checkpoint starting: time
db-1                         | 2026-04-17 10:25:20.096 UTC [27] LOG:  checkpoint complete: wrote 16 buffers (0.1%); 0 WAL file(s) added, 0 removed, 0 recycled; write=1.353 s, sync=0.012 s, total=1.377 s; sync files=14, longest=0.009 s, average=0.001 s; distance=31 kB, estimate=31 kB
